This file contains any messages produced by compilers while
running configure, to aid debugging if configure makes a mistake.

It was created by configure, which was
generated by GNU Autoconf 2.69.  Invocation command line was

  $ ../../libs/flite/configure --host=aarch64-none-elf --libdir=/lib/ --includedir=/include/

## --------- ##
## Platform. ##
## --------- ##

hostname = blueie
uname -m = x86_64
uname -r = 6.16.1-zen1-1-zen
uname -s = Linux
uname -v = #1 ZEN SMP PREEMPT_DYNAMIC Fri, 15 Aug 2025 16:04:24 +0000

/usr/bin/uname -p = unknown
/bin/uname -X     = unknown

/bin/arch              = unknown
/usr/bin/arch -k       = unknown
/usr/convex/getsysinfo = unknown
/usr/bin/hostinfo      = unknown
/bin/machine           = unknown
/usr/bin/oslevel       = unknown
/bin/universe          = unknown

PATH: /usr/local/sbin
PATH: /usr/local/bin
PATH: /usr/bin
PATH: /var/lib/flatpak/exports/bin
PATH: /usr/lib/jvm/default/bin
PATH: /usr/bin/site_perl
PATH: /usr/bin/vendor_perl
PATH: /usr/bin/core_perl
PATH: /usr/lib/rustup/bin
PATH: /home/tait/.local/bin
PATH: /home/tait/.local/share/gem/ruby/3.0.0/bin
PATH: /home/tait/.cargo/bin
PATH: /home/tait/.gem/ruby/3.0.0/bin
PATH: /home/tait/go/bin
PATH: /home/tait/Documents/plantuml_braille
PATH: /home/tait/Android/Sdk/emulator
PATH: /home/tait/Android/Sdk/platform-tools
PATH: /home/tait/.bun/bin
PATH: /home/tait/.local/share/uv/.venv/bin
PATH: /home/tait/.cabal/bin
PATH: /home/tait/.ghcup/bin
PATH: /home/tait/.local/bin
PATH: /home/tait/.local/share/gem/ruby/3.0.0/bin
PATH: /home/tait/.cargo/bin
PATH: /home/tait/.gem/ruby/3.0.0/bin
PATH: /home/tait/go/bin
PATH: /home/tait/Documents/plantuml_braille
PATH: /home/tait/Android/Sdk/emulator
PATH: /home/tait/Android/Sdk/platform-tools
PATH: /home/tait/.bun/bin
PATH: /home/tait/.local/share/uv/.venv/bin
PATH: /home/tait/Downloads/arm-gnu-toolchain-13.2.Rel1-x86_64-aarch64-none-elf/bin/


## ----------- ##
## Core tests. ##
## ----------- ##

configure:2197: checking build system type
configure:2211: result: x86_64-pc-linux-gnu
configure:2231: checking host system type
configure:2244: result: aarch64-none-elf
configure:2271: checking target system type
configure:2284: result: aarch64-none-elf
configure:2326: checking for aarch64-none-elf-gcc
configure:2342: found /home/tait/Downloads/arm-gnu-toolchain-13.2.Rel1-x86_64-aarch64-none-elf/bin//aarch64-none-elf-gcc
configure:2353: result: aarch64-none-elf-gcc
configure:2622: checking for C compiler version
configure:2631: aarch64-none-elf-gcc --version >&5
aarch64-none-elf-gcc (Arm GNU Toolchain 13.2.rel1 (Build arm-13.7)) 13.2.1 20231009
Copyright (C) 2023 Free Software Foundation, Inc.
This is free software; see the source for copying conditions.  There is NO
warranty; not even for MERCHANTABILITY or FITNESS FOR A PARTICULAR PURPOSE.

configure:2642: $? = 0
configure:2631: aarch64-none-elf-gcc -v >&5
Using built-in specs.
COLLECT_GCC=aarch64-none-elf-gcc
COLLECT_LTO_WRAPPER=/home/tait/Downloads/arm-gnu-toolchain-13.2.Rel1-x86_64-aarch64-none-elf/bin/../libexec/gcc/aarch64-none-elf/13.2.1/lto-wrapper
Target: aarch64-none-elf
Configured with: /data/jenkins/workspace/GNU-toolchain/arm-13/src/gcc/configure --target=aarch64-none-elf --prefix=/data/jenkins/workspace/GNU-toolchain/arm-13/build-aarch64-none-elf/install --with-gmp=/data/jenkins/workspace/GNU-toolchain/arm-13/build-aarch64-none-elf/host-tools --with-mpfr=/data/jenkins/workspace/GNU-toolchain/arm-13/build-aarch64-none-elf/host-tools --with-mpc=/data/jenkins/workspace/GNU-toolchain/arm-13/build-aarch64-none-elf/host-tools --with-isl=/data/jenkins/workspace/GNU-toolchain/arm-13/build-aarch64-none-elf/host-tools --disable-shared --disable-nls --disable-threads --disable-tls --enable-checking=release --enable-languages=c,c++,fortran --with-newlib --with-gnu-as --with-headers=yes --with-gnu-ld --with-native-system-header-dir=/include --with-sysroot=/data/jenkins/workspace/GNU-toolchain/arm-13/build-aarch64-none-elf/install/aarch64-none-elf --with-pkgversion='Arm GNU Toolchain 13.2.rel1 (Build arm-13.7)' --with-bugurl=https://bugs.linaro.org/
Thread model: single
Supported LTO compression algorithms: zlib
gcc version 13.2.1 20231009 (Arm GNU Toolchain 13.2.rel1 (Build arm-13.7)) 
configure:2642: $? = 0
configure:2631: aarch64-none-elf-gcc -V >&5
aarch64-none-elf-gcc: error: unrecognized command-line option '-V'
aarch64-none-elf-gcc: fatal error: no input files
compilation terminated.
configure:2642: $? = 1
configure:2631: aarch64-none-elf-gcc -qversion >&5
aarch64-none-elf-gcc: error: unrecognized command-line option '-qversion'; did you mean '--version'?
aarch64-none-elf-gcc: fatal error: no input files
compilation terminated.
configure:2642: $? = 1
configure:2662: checking whether the C compiler works
configure:2684: aarch64-none-elf-gcc    conftest.c  >&5
/home/tait/Downloads/arm-gnu-toolchain-13.2.Rel1-x86_64-aarch64-none-elf/bin/../lib/gcc/aarch64-none-elf/13.2.1/../../../../aarch64-none-elf/bin/ld: /home/tait/Downloads/arm-gnu-toolchain-13.2.Rel1-x86_64-aarch64-none-elf/bin/../lib/gcc/aarch64-none-elf/13.2.1/../../../../aarch64-none-elf/lib/libc.a(libc_a-exit.o): in function `exit':
/data/jenkins/workspace/GNU-toolchain/arm-13/src/newlib-cygwin/newlib/libc/stdlib/exit.c:65:(.text.exit+0x2c): undefined reference to `_exit'
/home/tait/Downloads/arm-gnu-toolchain-13.2.Rel1-x86_64-aarch64-none-elf/bin/../lib/gcc/aarch64-none-elf/13.2.1/../../../../aarch64-none-elf/bin/ld: /home/tait/Downloads/arm-gnu-toolchain-13.2.Rel1-x86_64-aarch64-none-elf/bin/../lib/gcc/aarch64-none-elf/13.2.1/../../../../aarch64-none-elf/lib/libc.a(libc_a-writer.o): in function `_write_r':
/data/jenkins/workspace/GNU-toolchain/arm-13/src/newlib-cygwin/newlib/libc/reent/writer.c:49:(.text._write_r+0x24): undefined reference to `_write'
/home/tait/Downloads/arm-gnu-toolchain-13.2.Rel1-x86_64-aarch64-none-elf/bin/../lib/gcc/aarch64-none-elf/13.2.1/../../../../aarch64-none-elf/bin/ld: /home/tait/Downloads/arm-gnu-toolchain-13.2.Rel1-x86_64-aarch64-none-elf/bin/../lib/gcc/aarch64-none-elf/13.2.1/../../../../aarch64-none-elf/lib/libc.a(libc_a-closer.o): in function `_close_r':
/data/jenkins/workspace/GNU-toolchain/arm-13/src/newlib-cygwin/newlib/libc/reent/closer.c:47:(.text._close_r+0x1c): undefined reference to `_close'
/home/tait/Downloads/arm-gnu-toolchain-13.2.Rel1-x86_64-aarch64-none-elf/bin/../lib/gcc/aarch64-none-elf/13.2.1/../../../../aarch64-none-elf/bin/ld: /home/tait/Downloads/arm-gnu-toolchain-13.2.Rel1-x86_64-aarch64-none-elf/bin/../lib/gcc/aarch64-none-elf/13.2.1/../../../../aarch64-none-elf/lib/libc.a(libc_a-lseekr.o): in function `_lseek_r':
/data/jenkins/workspace/GNU-toolchain/arm-13/src/newlib-cygwin/newlib/libc/reent/lseekr.c:49:(.text._lseek_r+0x24): undefined reference to `_lseek'
/home/tait/Downloads/arm-gnu-toolchain-13.2.Rel1-x86_64-aarch64-none-elf/bin/../lib/gcc/aarch64-none-elf/13.2.1/../../../../aarch64-none-elf/bin/ld: /home/tait/Downloads/arm-gnu-toolchain-13.2.Rel1-x86_64-aarch64-none-elf/bin/../lib/gcc/aarch64-none-elf/13.2.1/../../../../aarch64-none-elf/lib/libc.a(libc_a-readr.o): in function `_read_r':
/data/jenkins/workspace/GNU-toolchain/arm-13/src/newlib-cygwin/newlib/libc/reent/readr.c:49:(.text._read_r+0x24): undefined reference to `_read'
/home/tait/Downloads/arm-gnu-toolchain-13.2.Rel1-x86_64-aarch64-none-elf/bin/../lib/gcc/aarch64-none-elf/13.2.1/../../../../aarch64-none-elf/bin/ld: /home/tait/Downloads/arm-gnu-toolchain-13.2.Rel1-x86_64-aarch64-none-elf/bin/../lib/gcc/aarch64-none-elf/13.2.1/../../../../aarch64-none-elf/lib/libc.a(libc_a-sbrkr.o): in function `_sbrk_r':
/data/jenkins/workspace/GNU-toolchain/arm-13/src/newlib-cygwin/newlib/libc/reent/sbrkr.c:51:(.text._sbrk_r+0x1c): undefined reference to `_sbrk'
collect2: error: ld returned 1 exit status
configure:2688: $? = 1
configure:2726: result: no
configure: failed program was:
| /* confdefs.h */
| #define PACKAGE_NAME ""
| #define PACKAGE_TARNAME ""
| #define PACKAGE_VERSION ""
| #define PACKAGE_STRING ""
| #define PACKAGE_BUGREPORT ""
| #define PACKAGE_URL ""
| /* end confdefs.h.  */
| 
| int
| main ()
| {
| 
|   ;
|   return 0;
| }
configure:2731: error: in `/home/tait/Documents/circle-stdlib/samples/06-tts':
configure:2733: error: C compiler cannot create executables
See `config.log' for more details

## ---------------- ##
## Cache variables. ##
## ---------------- ##

ac_cv_build=x86_64-pc-linux-gnu
ac_cv_env_CC_set=
ac_cv_env_CC_value=
ac_cv_env_CFLAGS_set=
ac_cv_env_CFLAGS_value=
ac_cv_env_CPPFLAGS_set=
ac_cv_env_CPPFLAGS_value=
ac_cv_env_CPP_set=
ac_cv_env_CPP_value=
ac_cv_env_LDFLAGS_set=
ac_cv_env_LDFLAGS_value=
ac_cv_env_LIBS_set=
ac_cv_env_LIBS_value=
ac_cv_env_build_alias_set=
ac_cv_env_build_alias_value=
ac_cv_env_host_alias_set=set
ac_cv_env_host_alias_value=aarch64-none-elf
ac_cv_env_target_alias_set=
ac_cv_env_target_alias_value=
ac_cv_host=aarch64-none-elf
ac_cv_prog_CC=aarch64-none-elf-gcc
ac_cv_target=aarch64-none-elf

## ----------------- ##
## Output variables. ##
## ----------------- ##

AR=''
AUDIODEFS=''
AUDIODRIVER=''
AUDIOLIBS=''
CC='aarch64-none-elf-gcc'
CFLAGS=''
CPP=''
CPPFLAGS=''
DEFS=''
DLLTOOL=''
DLLWRAP=''
ECHO_C=''
ECHO_N='-n'
ECHO_T=''
EGREP=''
ENDIANDEFS=''
EXEEXT=''
FL_LANG=''
FL_LANGVOX=''
FL_LEX=''
FL_VOX=''
GREP=''
HOST_CPU=''
HOST_OS=''
INSTALL_DATA=''
INSTALL_PROGRAM=''
INSTALL_SCRIPT=''
LDFLAGS=''
LEXDEFS=''
LIBOBJS=''
LIBS=''
LTLIBOBJS=''
M68KCC=''
MMAPTYPE=''
NM=''
OBJEXT=''
OTHERLIBS=''
PACKAGE_BUGREPORT=''
PACKAGE_NAME=''
PACKAGE_STRING=''
PACKAGE_TARNAME=''
PACKAGE_URL=''
PACKAGE_VERSION=''
PATH_SEPARATOR=':'
RANLIB=''
SHELL='/bin/sh'
SHFLAGS=''
SIZE=''
STDIOTYPE=''
STRIP=''
TARGET_CPU=''
TARGET_OS=''
VOXDEFS=''
WINDRES=''
ac_ct_CC=''
bindir='${exec_prefix}/bin'
build='x86_64-pc-linux-gnu'
build_alias=''
build_cpu='x86_64'
build_os='linux-gnu'
build_vendor='pc'
datadir='${datarootdir}'
datarootdir='${prefix}/share'
docdir='${datarootdir}/doc/${PACKAGE}'
dvidir='${docdir}'
exec_prefix='NONE'
host='aarch64-none-elf'
host_alias='aarch64-none-elf'
host_cpu='aarch64'
host_os='elf'
host_vendor='none'
htmldir='${docdir}'
includedir='/include'
infodir='${datarootdir}/info'
libdir='/lib'
libexecdir='${exec_prefix}/libexec'
localedir='${datarootdir}/locale'
localstatedir='${prefix}/var'
mandir='${datarootdir}/man'
oldincludedir='/usr/include'
pdfdir='${docdir}'
prefix='NONE'
program_transform_name='s,x,x,'
psdir='${docdir}'
runstatedir='${localstatedir}/run'
sbindir='${exec_prefix}/sbin'
sharedstatedir='${prefix}/com'
sysconfdir='${prefix}/etc'
target='aarch64-none-elf'
target_alias=''
target_cpu='aarch64'
target_os='elf'
target_vendor='none'

## ----------- ##
## confdefs.h. ##
## ----------- ##

/* confdefs.h */
#define PACKAGE_NAME ""
#define PACKAGE_TARNAME ""
#define PACKAGE_VERSION ""
#define PACKAGE_STRING ""
#define PACKAGE_BUGREPORT ""
#define PACKAGE_URL ""

configure: exit 77
